2026-02-06 00:01:41 [error]: session is not defined
{
  "error_id": "index",
  "description": "session is not defined",
  "stack": "ReferenceError: session is not defined\n    at C:\\bootcampproject\\my_project\\TextAtlas\\textatlas_backend\\routes\\reading.js:203:5\n    at process.processTicksAndRejections (node:internal/process/task_queues:105:5)"
}
2026-02-06 00:02:16 [error]: session is not defined
{
  "error_id": "index",
  "description": "session is not defined",
  "stack": "ReferenceError: session is not defined\n    at C:\\bootcampproject\\my_project\\TextAtlas\\textatlas_backend\\routes\\reading.js:203:5\n    at process.processTicksAndRejections (node:internal/process/task_queues:105:5)"
}
2026-02-06 00:03:39 [error]: session is not defined
{
  "error_id": "index",
  "description": "session is not defined",
  "stack": "ReferenceError: session is not defined\n    at C:\\bootcampproject\\my_project\\TextAtlas\\textatlas_backend\\routes\\reading.js:205:5\n    at process.processTicksAndRejections (node:internal/process/task_queues:105:5)"
}
2026-02-06 00:04:02 [error]: session is not defined
{
  "error_id": "index",
  "description": "session is not defined",
  "stack": "ReferenceError: session is not defined\n    at C:\\bootcampproject\\my_project\\TextAtlas\\textatlas_backend\\routes\\reading.js:205:5\n    at process.processTicksAndRejections (node:internal/process/task_queues:105:5)"
}
2026-02-06 00:10:24 [error]: Cast to ObjectId failed for value "123" (type string) at path "_id" for model "book"
{
  "obj": {
    "code": "3022",
    "message": "Internal Server Error",
    "success": "y"
  }
}
2026-02-06 00:16:12 [error]: Cast to ObjectId failed for value "123" (type string) at path "_id" for model "book" Internal Server Error
{
  "code": "3022",
  "success": "y",
  "stack": "CastError: Cast to ObjectId failed for value \"123\" (type string) at path \"_id\" for model \"book\"\n    at SchemaObjectId.cast (C:\\bootcampproject\\my_project\\TextAtlas\\textatlas_backend\\node_modules\\mongoose\\lib\\schema\\objectId.js:251:11)\n    at SchemaType.applySetters (C:\\bootcampproject\\my_project\\TextAtlas\\textatlas_backend\\node_modules\\mongoose\\lib\\schemaType.js:1258:12)\n    at SchemaType.castForQuery (C:\\bootcampproject\\my_project\\TextAtlas\\textatlas_backend\\node_modules\\mongoose\\lib\\schemaType.js:1694:17)\n    at cast (C:\\bootcampproject\\my_project\\TextAtlas\\textatlas_backend\\node_modules\\mongoose\\lib\\cast.js:390:32)\n    at Query.cast (C:\\bootcampproject\\my_project\\TextAtlas\\textatlas_backend\\node_modules\\mongoose\\lib\\query.js:5060:12)\n    at Query._castConditions (C:\\bootcampproject\\my_project\\TextAtlas\\textatlas_backend\\node_modules\\mongoose\\lib\\query.js:2374:10)\n    at model.Query._findOne (C:\\bootcampproject\\my_project\\TextAtlas\\textatlas_backend\\node_modules\\mongoose\\lib\\query.js:2697:8)\n    at model.Query.exec (C:\\bootcampproject\\my_project\\TextAtlas\\textatlas_backend\\node_modules\\mongoose\\lib\\query.js:4627:80)\n    at process.processTicksAndRejections (node:internal/process/task_queues:105:5)\n    at async C:\\bootcampproject\\my_project\\TextAtlas\\textatlas_backend\\routes\\reading.js:184:7"
}
